================================================================================
TESTING HYBRID RANKING SYSTEM (LGB + HuggingFace)
================================================================================

[1] Loading models...
python : 2026-04-15 20:20:29,166 INFO [itineraries.ai_ranker_service] Loaded LightGBM model 
package from f:\FYP\Travello\backend\ml_models\itinerary_ranker.pkl
At line:1 char:1
+ python "f:\FYP\Travello\backend\test_hybrid_ranking.py" 2>&1 | Out-Fi ...
+ ~~~~~~~~~~~~~~~~~~~~~~~~~~~~~~~~~~~~~~~~~~~~~~~~~~~~~~~~~~~~
    + CategoryInfo          : NotSpecified: (2026-04-15 20:2...rary_ranker.pkl:String) [], Remot 
   eException
    + FullyQualifiedErrorId : NativeCommandError
 
2026-04-15 20:20:29,166 INFO [itineraries.ai_ranker_service]   Features: 17
2026-04-15 20:20:29,166 INFO [itineraries.ai_ranker_service]   Trained: 
2026-04-15T17:28:15.967596
Γ£ô LightGBM ranker loaded from f:\FYP\Travello\backend\ml_models\itinerary_ranker.pkl
2026-04-15 20:20:29,166 INFO [itineraries.hf_ranker] Loading HuggingFace model: 
sentence-transformers/all-MiniLM-L6-v2
2026-04-15 20:20:31,005 INFO [httpx] HTTP Request: HEAD 
https://huggingface.co/sentence-transformers/all-MiniLM-L6-v2/resolve/main/modules.json 
"HTTP/1.1 307 Temporary Redirect"
2026-04-15 20:20:31,146 INFO [httpx] HTTP Request: HEAD https://huggingface.co/api/resolve-cache/
models/sentence-transformers/all-MiniLM-L6-v2/c9745ed1d9f207416be6d2e6f8de32d1f16199bf/modules.js
on "HTTP/1.1 200 OK"
2026-04-15 20:20:31,497 INFO [httpx] HTTP Request: HEAD https://huggingface.co/sentence-transform
ers/all-MiniLM-L6-v2/resolve/main/config_sentence_transformers.json "HTTP/1.1 307 Temporary 
Redirect"
Warning: You are sending unauthenticated requests to the HF Hub. Please set a HF_TOKEN to enable 
higher rate limits and faster downloads.
2026-04-15 20:20:31,499 WARNING [huggingface_hub.utils._http] Warning: You are sending 
unauthenticated requests to the HF Hub. Please set a HF_TOKEN to enable higher rate limits and 
faster downloads.
2026-04-15 20:20:31,606 INFO [httpx] HTTP Request: HEAD https://huggingface.co/api/resolve-cache/
models/sentence-transformers/all-MiniLM-L6-v2/c9745ed1d9f207416be6d2e6f8de32d1f16199bf/config_sen
tence_transformers.json "HTTP/1.1 200 OK"
2026-04-15 20:20:31,624 INFO [sentence_transformers.base.model] Loading SentenceTransformer 
model from sentence-transformers/all-MiniLM-L6-v2.
2026-04-15 20:20:31,943 INFO [httpx] HTTP Request: HEAD https://huggingface.co/sentence-transform
ers/all-MiniLM-L6-v2/resolve/main/config_sentence_transformers.json "HTTP/1.1 307 Temporary 
Redirect"
2026-04-15 20:20:32,054 INFO [httpx] HTTP Request: HEAD https://huggingface.co/api/resolve-cache/
models/sentence-transformers/all-MiniLM-L6-v2/c9745ed1d9f207416be6d2e6f8de32d1f16199bf/config_sen
tence_transformers.json "HTTP/1.1 200 OK"
2026-04-15 20:20:32,378 INFO [httpx] HTTP Request: HEAD 
https://huggingface.co/sentence-transformers/all-MiniLM-L6-v2/resolve/main/README.md "HTTP/1.1 
307 Temporary Redirect"
2026-04-15 20:20:32,509 INFO [httpx] HTTP Request: HEAD https://huggingface.co/api/resolve-cache/
models/sentence-transformers/all-MiniLM-L6-v2/c9745ed1d9f207416be6d2e6f8de32d1f16199bf/README.md 
"HTTP/1.1 200 OK"
2026-04-15 20:20:32,841 INFO [httpx] HTTP Request: HEAD 
https://huggingface.co/sentence-transformers/all-MiniLM-L6-v2/resolve/main/modules.json 
"HTTP/1.1 307 Temporary Redirect"
2026-04-15 20:20:32,951 INFO [httpx] HTTP Request: HEAD https://huggingface.co/api/resolve-cache/
models/sentence-transformers/all-MiniLM-L6-v2/c9745ed1d9f207416be6d2e6f8de32d1f16199bf/modules.js
on "HTTP/1.1 200 OK"
2026-04-15 20:20:33,306 INFO [httpx] HTTP Request: HEAD https://huggingface.co/sentence-transform
ers/all-MiniLM-L6-v2/resolve/main/sentence_bert_config.json "HTTP/1.1 307 Temporary Redirect"
2026-04-15 20:20:33,429 INFO [httpx] HTTP Request: HEAD https://huggingface.co/api/resolve-cache/
models/sentence-transformers/all-MiniLM-L6-v2/c9745ed1d9f207416be6d2e6f8de32d1f16199bf/sentence_b
ert_config.json "HTTP/1.1 200 OK"
2026-04-15 20:20:33,782 INFO [httpx] HTTP Request: HEAD 
https://huggingface.co/sentence-transformers/all-MiniLM-L6-v2/resolve/main/adapter_config.json 
"HTTP/1.1 404 Not Found"
2026-04-15 20:20:34,114 INFO [httpx] HTTP Request: HEAD 
https://huggingface.co/sentence-transformers/all-MiniLM-L6-v2/resolve/main/config.json "HTTP/1.1 
307 Temporary Redirect"
2026-04-15 20:20:34,223 INFO [httpx] HTTP Request: HEAD https://huggingface.co/api/resolve-cache/
models/sentence-transformers/all-MiniLM-L6-v2/c9745ed1d9f207416be6d2e6f8de32d1f16199bf/config.jso
n "HTTP/1.1 200 OK"

Loading weights:   0%|          | 0/103 [00:00<?, ?it/s]
Loading weights: 100%|##########| 103/103 [00:00<00:00, 2514.38it/s]
BertModel LOAD REPORT from: sentence-transformers/all-MiniLM-L6-v2
Key                     | Status     |  | 
------------------------+------------+--+-
embeddings.position_ids | UNEXPECTED |  | 

Notes:
- UNEXPECTED:	can be ignored when loading from different task/architecture; not ok if you expect 
identical arch.
2026-04-15 20:20:35,014 INFO [httpx] HTTP Request: HEAD 
https://huggingface.co/sentence-transformers/all-MiniLM-L6-v2/resolve/main/processor_config.json 
"HTTP/1.1 404 Not Found"
2026-04-15 20:20:35,365 INFO [httpx] HTTP Request: HEAD https://huggingface.co/sentence-transform
ers/all-MiniLM-L6-v2/resolve/main/preprocessor_config.json "HTTP/1.1 404 Not Found"
2026-04-15 20:20:35,694 INFO [httpx] HTTP Request: HEAD https://huggingface.co/sentence-transform
ers/all-MiniLM-L6-v2/resolve/main/video_preprocessor_config.json "HTTP/1.1 404 Not Found"
2026-04-15 20:20:36,065 INFO [httpx] HTTP Request: HEAD https://huggingface.co/sentence-transform
ers/all-MiniLM-L6-v2/resolve/main/preprocessor_config.json "HTTP/1.1 404 Not Found"
2026-04-15 20:20:36,475 INFO [httpx] HTTP Request: HEAD 
https://huggingface.co/sentence-transformers/all-MiniLM-L6-v2/resolve/main/tokenizer_config.json 
"HTTP/1.1 307 Temporary Redirect"
2026-04-15 20:20:36,575 INFO [httpx] HTTP Request: HEAD https://huggingface.co/api/resolve-cache/
models/sentence-transformers/all-MiniLM-L6-v2/c9745ed1d9f207416be6d2e6f8de32d1f16199bf/tokenizer_
config.json "HTTP/1.1 200 OK"
2026-04-15 20:20:36,986 INFO [httpx] HTTP Request: HEAD 
https://huggingface.co/sentence-transformers/all-MiniLM-L6-v2/resolve/main/config.json "HTTP/1.1 
307 Temporary Redirect"
2026-04-15 20:20:37,107 INFO [httpx] HTTP Request: HEAD https://huggingface.co/api/resolve-cache/
models/sentence-transformers/all-MiniLM-L6-v2/c9745ed1d9f207416be6d2e6f8de32d1f16199bf/config.jso
n "HTTP/1.1 200 OK"
2026-04-15 20:20:37,500 INFO [httpx] HTTP Request: HEAD 
https://huggingface.co/sentence-transformers/all-MiniLM-L6-v2/resolve/main/config.json "HTTP/1.1 
307 Temporary Redirect"
2026-04-15 20:20:37,608 INFO [httpx] HTTP Request: HEAD https://huggingface.co/api/resolve-cache/
models/sentence-transformers/all-MiniLM-L6-v2/c9745ed1d9f207416be6d2e6f8de32d1f16199bf/config.jso
n "HTTP/1.1 200 OK"
2026-04-15 20:20:38,029 INFO [httpx] HTTP Request: HEAD 
https://huggingface.co/sentence-transformers/all-MiniLM-L6-v2/resolve/main/tokenizer_config.json 
"HTTP/1.1 307 Temporary Redirect"
2026-04-15 20:20:38,138 INFO [httpx] HTTP Request: HEAD https://huggingface.co/api/resolve-cache/
models/sentence-transformers/all-MiniLM-L6-v2/c9745ed1d9f207416be6d2e6f8de32d1f16199bf/tokenizer_
config.json "HTTP/1.1 200 OK"
2026-04-15 20:20:38,631 INFO [httpx] HTTP Request: GET https://huggingface.co/api/models/sentence
-transformers/all-MiniLM-L6-v2/tree/main/additional_chat_templates?recursive=false&expand=false 
"HTTP/1.1 404 Not Found"
2026-04-15 20:20:38,954 INFO [httpx] HTTP Request: GET https://huggingface.co/api/models/sentence
-transformers/all-MiniLM-L6-v2/tree/main?recursive=true&expand=false "HTTP/1.1 200 OK"
2026-04-15 20:20:39,550 INFO [httpx] HTTP Request: HEAD 
https://huggingface.co/sentence-transformers/all-MiniLM-L6-v2/resolve/main/1_Pooling/config.json 
"HTTP/1.1 307 Temporary Redirect"
2026-04-15 20:20:39,666 INFO [httpx] HTTP Request: HEAD https://huggingface.co/api/resolve-cache/
models/sentence-transformers/all-MiniLM-L6-v2/c9745ed1d9f207416be6d2e6f8de32d1f16199bf/1_Pooling%
2Fconfig.json "HTTP/1.1 200 OK"
2026-04-15 20:20:40,052 INFO [httpx] HTTP Request: GET 
https://huggingface.co/api/models/sentence-transformers/all-MiniLM-L6-v2 "HTTP/1.1 200 OK"
2026-04-15 20:20:40,088 INFO [itineraries.hf_ranker] \u2713 HF model loaded (384D embeddings)
Γ£ô HuggingFace ranker loaded
2026-04-15 20:20:40,095 INFO [itineraries.combined_ranker] Initialized CombinedRanker: LGB=yes, 
HF=yes
Γ£ô Combined ranker created

[2] Comparing ranking approaches...

User: History Lover (mood: HISTORICAL)
----------------------------------------------------------------------

Batches:   0%|          | 0/1 [00:00<?, ?it/s]
Batches: 100%|##########| 1/1 [00:00<00:00,  9.37it/s]
Batches: 100%|##########| 1/1 [00:00<00:00,  9.37it/s]

Batches:   0%|          | 0/1 [00:00<?, ?it/s]
Batches: 100%|##########| 1/1 [00:00<00:00, 26.53it/s]

Batches:   0%|          | 0/1 [00:00<?, ?it/s]
Batches: 100%|##########| 1/1 [00:00<00:00, 32.24it/s]

Batches:   0%|          | 0/1 [00:00<?, ?it/s]
Batches: 100%|##########| 1/1 [00:00<00:00, 34.74it/s]

Batches:   0%|          | 0/1 [00:00<?, ?it/s]
Batches: 100%|##########| 1/1 [00:00<00:00, 25.85it/s]

  LGB Only (latency: 15ms):
    1. Gawalmandi Food Street                   0.5771
    2. Lahore Fort                              0.5743
    3. Mall Road Shopping                       0.5719

  Hybrid LGB+HF (latency: 336ms):
    1. Lahore Fort                         LGB=0.574 HF=0.697 ΓåÆ 0.636 (╬ö+0.123)
    2. Bagh-e-Jinnah (Lawrence Gardens)    LGB=0.571 HF=0.618 ΓåÆ 0.595 (╬ö+0.047)
    3. Mall Road Shopping                  LGB=0.572 HF=0.598 ΓåÆ 0.585 (╬ö+0.026)

  ΓÜá Hybrid reordered top 3! Improvement detected.

User: Food Enthusiast (mood: FOODIE)
----------------------------------------------------------------------

Batches:   0%|          | 0/1 [00:00<?, ?it/s]
Batches: 100%|##########| 1/1 [00:00<00:00, 35.37it/s]

Batches:   0%|          | 0/1 [00:00<?, ?it/s]
Batches: 100%|##########| 1/1 [00:00<00:00, 51.77it/s]

Batches:   0%|          | 0/1 [00:00<?, ?it/s]
Batches: 100%|##########| 1/1 [00:00<00:00, 35.29it/s]

Batches:   0%|          | 0/1 [00:00<?, ?it/s]
Batches: 100%|##########| 1/1 [00:00<00:00, 48.43it/s]

Batches:   0%|          | 0/1 [00:00<?, ?it/s]
Batches: 100%|##########| 1/1 [00:00<00:00, 43.44it/s]

  LGB Only (latency: 3ms):
    1. Gawalmandi Food Street                   0.5744
    2. Lahore Fort                              0.5721
    3. Mall Road Shopping                       0.5717

  Hybrid LGB+HF (latency: 164ms):
    1. Gawalmandi Food Street              LGB=0.574 HF=0.693 ΓåÆ 0.633 (╬ö+0.118)
    2. Mall Road Shopping                  LGB=0.572 HF=0.645 ΓåÆ 0.609 (╬ö+0.074)
    3. Lahore Fort                         LGB=0.572 HF=0.606 ΓåÆ 0.589 (╬ö+0.034)

  ΓÜá Hybrid reordered top 3! Improvement detected.

User: Shopping Enthusiast (mood: SHOPPING)
----------------------------------------------------------------------

Batches:   0%|          | 0/1 [00:00<?, ?it/s]
Batches: 100%|##########| 1/1 [00:00<00:00, 33.95it/s]

Batches:   0%|          | 0/1 [00:00<?, ?it/s]
Batches: 100%|##########| 1/1 [00:00<00:00, 44.35it/s]

Batches:   0%|          | 0/1 [00:00<?, ?it/s]
Batches: 100%|##########| 1/1 [00:00<00:00, 28.81it/s]

Batches:   0%|          | 0/1 [00:00<?, ?it/s]
Batches: 100%|##########| 1/1 [00:00<00:00, 34.13it/s]

Batches:   0%|          | 0/1 [00:00<?, ?it/s]
Batches: 100%|##########| 1/1 [00:00<00:00, 29.61it/s]

  LGB Only (latency: 2ms):
    1. Gawalmandi Food Street                   0.5745
    2. Lahore Fort                              0.5721
    3. Mall Road Shopping                       0.5706

  Hybrid LGB+HF (latency: 188ms):
    1. Mall Road Shopping                  LGB=0.571 HF=0.771 ΓåÆ 0.671 (╬ö+0.200)
    2. Lahore Fort                         LGB=0.572 HF=0.630 ΓåÆ 0.601 (╬ö+0.058)
    3. Gawalmandi Food Street              LGB=0.574 HF=0.589 ΓåÆ 0.582 (╬ö+0.015)

  ΓÜá Hybrid reordered top 3! Improvement detected.

User: Nature Lover (mood: nature)
----------------------------------------------------------------------

Batches:   0%|          | 0/1 [00:00<?, ?it/s]
Batches: 100%|##########| 1/1 [00:00<00:00, 31.06it/s]

Batches:   0%|          | 0/1 [00:00<?, ?it/s]
Batches: 100%|##########| 1/1 [00:00<00:00, 46.77it/s]

Batches:   0%|          | 0/1 [00:00<?, ?it/s]
Batches: 100%|##########| 1/1 [00:00<00:00, 35.24it/s]

Batches:   0%|          | 0/1 [00:00<?, ?it/s]
Batches: 100%|##########| 1/1 [00:00<00:00, 36.59it/s]

Batches:   0%|          | 0/1 [00:00<?, ?it/s]
Batches: 100%|##########| 1/1 [00:00<00:00, 29.71it/s]

  LGB Only (latency: 4ms):
    1. Gawalmandi Food Street                   0.5745
    2. Lahore Fort                              0.5721
    3. Mall Road Shopping                       0.5706

  Hybrid LGB+HF (latency: 176ms):
    1. Bagh-e-Jinnah (Lawrence Gardens)    LGB=0.569 HF=0.705 ΓåÆ 0.637 (╬ö+0.136)
    2. Mall Road Shopping                  LGB=0.571 HF=0.652 ΓåÆ 0.611 (╬ö+0.081)
    3. Lahore Fort                         LGB=0.572 HF=0.608 ΓåÆ 0.590 (╬ö+0.036)

  ΓÜá Hybrid reordered top 3! Improvement detected.


[3] Personalization Analysis...
----------------------------------------------------------------------

Batches:   0%|          | 0/1 [00:00<?, ?it/s]
Batches: 100%|##########| 1/1 [00:00<00:00, 31.20it/s]

Batches:   0%|          | 0/1 [00:00<?, ?it/s]
Batches: 100%|##########| 1/1 [00:00<00:00, 33.64it/s]

Batches:   0%|          | 0/1 [00:00<?, ?it/s]
Batches: 100%|##########| 1/1 [00:00<00:00, 34.27it/s]

Batches:   0%|          | 0/1 [00:00<?, ?it/s]
Batches: 100%|##########| 1/1 [00:00<00:00, 53.41it/s]

Batches:   0%|          | 0/1 [00:00<?, ?it/s]
Batches: 100%|##########| 1/1 [00:00<00:00, 82.09it/s]

Batches:   0%|          | 0/1 [00:00<?, ?it/s]
Batches: 100%|##########| 1/1 [00:00<00:00, 49.35it/s]

Batches:   0%|          | 0/1 [00:00<?, ?it/s]
Batches: 100%|##########| 1/1 [00:00<00:00, 29.96it/s]

Batches:   0%|          | 0/1 [00:00<?, ?it/s]
Batches: 100%|##########| 1/1 [00:00<00:00, 28.66it/s]

Batches:   0%|          | 0/1 [00:00<?, ?it/s]
Batches: 100%|##########| 1/1 [00:00<00:00, 20.87it/s]

Batches:   0%|          | 0/1 [00:00<?, ?it/s]
Batches: 100%|##########| 1/1 [00:00<00:00, 29.07it/s]

Batches:   0%|          | 0/1 [00:00<?, ?it/s]
Batches: 100%|##########| 1/1 [00:00<00:00, 27.67it/s]

Batches:   0%|          | 0/1 [00:00<?, ?it/s]
Batches: 100%|##########| 1/1 [00:00<00:00, 23.84it/s]

Batches:   0%|          | 0/1 [00:00<?, ?it/s]
Batches: 100%|##########| 1/1 [00:00<00:00, 25.55it/s]

Batches:   0%|          | 0/1 [00:00<?, ?it/s]
Batches: 100%|##########| 1/1 [00:00<00:00, 28.02it/s]

Batches:   0%|          | 0/1 [00:00<?, ?it/s]
Batches: 100%|##########| 1/1 [00:00<00:00, 29.11it/s]

Batches:   0%|          | 0/1 [00:00<?, ?it/s]
Batches: 100%|##########| 1/1 [00:00<00:00, 42.86it/s]

Batches:   0%|          | 0/1 [00:00<?, ?it/s]
Batches: 100%|##########| 1/1 [00:00<00:00, 51.59it/s]

Batches:   0%|          | 0/1 [00:00<?, ?it/s]
Batches: 100%|##########| 1/1 [00:00<00:00, 49.45it/s]

Batches:   0%|          | 0/1 [00:00<?, ?it/s]
Batches: 100%|##########| 1/1 [00:00<00:00, 49.84it/s]

Batches:   0%|          | 0/1 [00:00<?, ?it/s]
Batches: 100%|##########| 1/1 [00:00<00:00, 49.64it/s]

Top-1 Place by User Type:

User Type            LGB Top                        Hybrid Top                     Status
--------------------------------------------------------------------------------
History Lover        Gawalmandi Food Street         Lahore Fort                    Γ£ô
Food Enthusiast      Gawalmandi Food Street         Gawalmandi Food Street         Γ£ô
Shopping Enthusiast  Gawalmandi Food Street         Mall Road Shopping             Γ£ô
Nature Lover         Gawalmandi Food Street         Bagh-e-Jinnah (Lawrence Gardens) Γ£ô

[4] Performance Impact
----------------------------------------------------------------------

Batches:   0%|          | 0/1 [00:00<?, ?it/s]
Batches: 100%|##########| 1/1 [00:00<00:00, 20.78it/s]

Batches:   0%|          | 0/1 [00:00<?, ?it/s]
Batches: 100%|##########| 1/1 [00:00<00:00, 32.71it/s]

Batches:   0%|          | 0/1 [00:00<?, ?it/s]
Batches: 100%|##########| 1/1 [00:00<00:00, 32.59it/s]

Batches:   0%|          | 0/1 [00:00<?, ?it/s]
Batches: 100%|##########| 1/1 [00:00<00:00, 35.88it/s]

Batches:   0%|          | 0/1 [00:00<?, ?it/s]
Batches: 100%|##########| 1/1 [00:00<00:00, 73.35it/s]

Batches:   0%|          | 0/1 [00:00<?, ?it/s]
Batches: 100%|##########| 1/1 [00:00<00:00, 32.46it/s]

Batches:   0%|          | 0/1 [00:00<?, ?it/s]
Batches: 100%|##########| 1/1 [00:00<00:00, 33.16it/s]

Batches:   0%|          | 0/1 [00:00<?, ?it/s]
Batches: 100%|##########| 1/1 [00:00<00:00, 33.09it/s]

Batches:   0%|          | 0/1 [00:00<?, ?it/s]
Batches: 100%|##########| 1/1 [00:00<00:00, 76.37it/s]

Batches:   0%|          | 0/1 [00:00<?, ?it/s]
Batches: 100%|##########| 1/1 [00:00<00:00, 55.89it/s]

Batches:   0%|          | 0/1 [00:00<?, ?it/s]
Batches: 100%|##########| 1/1 [00:00<00:00, 32.42it/s]

Batches:   0%|          | 0/1 [00:00<?, ?it/s]
Batches: 100%|##########| 1/1 [00:00<00:00, 32.58it/s]

Batches:   0%|          | 0/1 [00:00<?, ?it/s]
Batches: 100%|##########| 1/1 [00:00<00:00, 31.67it/s]

Batches:   0%|          | 0/1 [00:00<?, ?it/s]
Batches: 100%|##########| 1/1 [00:00<00:00, 29.54it/s]

Batches:   0%|          | 0/1 [00:00<?, ?it/s]
Batches: 100%|##########| 1/1 [00:00<00:00, 47.48it/s]

Batches:   0%|          | 0/1 [00:00<?, ?it/s]
Batches: 100%|##########| 1/1 [00:00<00:00, 29.94it/s]

Batches:   0%|          | 0/1 [00:00<?, ?it/s]
Batches: 100%|##########| 1/1 [00:00<00:00, 49.95it/s]

Batches:   0%|          | 0/1 [00:00<?, ?it/s]
Batches: 100%|##########| 1/1 [00:00<00:00, 51.58it/s]

Batches:   0%|          | 0/1 [00:00<?, ?it/s]
Batches: 100%|##########| 1/1 [00:00<00:00, 58.08it/s]

Batches:   0%|          | 0/1 [00:00<?, ?it/s]
Batches: 100%|##########| 1/1 [00:00<00:00, 50.04it/s]
Average LGB latency:       3.0ms
Average Hybrid latency:  166.5ms
Overhead:               163.5ms (5479%)

================================================================================
TEST COMPLETE
================================================================================
